 ◆ taw-fleet v0.3.0  ·  2 sites  ·  2 TAW themes  ·  1 running  ·  1 behind on taw/core                                    updated just now 

    SITE · THEME             TAW/CORE          SYNC   GIT                               │  LOCAL ────────────────────────── this Mac · Local
─────────────────────────────────────────────────────────────────────────────────────── │  ○ bistro  http://bistro.local  halted            
▌ ○ bistro                   1.59.2 ▲ 1.76.1   —      chore/update-core ±5 ◇ unpushed   │    ~/Local Sites/bistro                           
    bistro-theme  classic                             2d ago                            │    PHP 8.2.29  ·  id b2                           
▀▀▀▀▀▀▀▀▀▀▀▀▀▀▀▀▀▀▀▀▀▀▀▀▀▀▀▀▀▀▀▀▀▀▀▀▀▀▀▀▀▀▀▀▀▀▀▀▀▀▀▀▀▀▀▀▀▀▀▀▀▀▀▀▀▀▀▀▀▀▀▀▀▀▀▀▀▀▀▀▀▀▀▀▀▀▀ │                                                   
  ● acme-shop                1.76.1            —      main                              │  ╭───────────────────────────────────────────────╮
    acme  classic                                     2d ago                            │  │ bistro-theme  classic                         │
                                                                                        │  │                                               │
 TAW ECOSYSTEM ────────────────────────────── the scaffolds every TAW site is made from │  │ path       wp-content/themes/bistro-theme     │
  ● taw                      1.76.1                   main                              │  │ taw/core   1.59.2 ▲ 1.76.1                    │
    taw-gutenberg ↗  block                            2d ago                            │  │ git        chore/update-core ±5 ◇ unpushed  … │
                                                                                        │  │ repo       github.com/Relmaur/client--theme   │
    taw                      1.76.1                   main                              │  │ version    abc1234  ·  last commit 2 days ago │
    taw-theme  classic                                2d ago                            │  │ bin/taw    yes                                │
                                                                                        │  ╰───────────────────────────────────────────────╯
                                                                                        │                                                   
                                                                                        │  FINDINGS ───────────────────────────────── doctor
                                                                                        │    ▲ taw/core v1.59.2, latest is v1.76.1  bistro-…
                                                                                        │      → composer update taw/core, then read vendor…
                                                                                        │    ▲ branch chore/update-core isn't pushed (no up…
                                                                                        │      → git push -u origin chore/update-core       
                                                                                        │    • 5 uncommitted changes  bistro-theme  git.dir…
                                                                                        │      → commit or stash                            
                                                                                        │    • on chore/update-core, not main  bistro-theme…
                                                                                        │                                                   
                                                                                        │                                                   
                                                                                        │                                                   
                                                                                        │                                                   
                                                                                        │                                                   
                                                                                        │                                                   
                                                                                        │                                                   
                                                                                        │                                                   
                                                                                        │                                                   
                                                                                        │                                                   
                                                                                        │                                                   
                                                                                        │                                                   

 enter details • e editor • t terminal • U update all with agents • : all actions • / filter • ? help • q quit