 ◆ taw-fleet v0.3.0 · 3 sites · 4 themes · 2 running · 1 behind                    updated just now 

    SITE       THEME            KIND       TAW/CORE         GIT                                     
────────────────────────────────────────────────────────────────────────────────────────────────────
▌ ○ bistro     bistro-theme      CLASSIC   1.59.2 ▲ 1.76.1  chore/update-core ±5 ◇ unpushed         
                                                                                                    
                                                                                                    
                                                                                                    
                                                                                                    
                                                                                                    
                                                                                                    
                                                                                                    
                                                                                                    
                                                                                                    
                                                                                                    
                                                                                                    
                                                                                                    
                                                                                                    
 / behind 
 ↑/k up • ↓/j down • enter details • / filter • r refresh • ? help • q quit