 ◆ taw-fleet v0.3.0  ·  3 sites  ·  4 TAW themes  ·  2 running  ·  1 behind on taw/core                updated just now 

    SITE · THEME            TAW/CORE         SYNC  LIVE  FB   GIT            │  LOCAL ───────────────── this Mac · Local
──────────────────────────────────────────────────────────────────────────── │  ● acme-shop  http://acme.local  running 
▌ ● acme-shop               1.76.1           —     ●     3    main           │    ~/Local Sites/acme-shop               
    acme  classic                                        3d   2d ago         │    PHP 8.2.30  ·  id a1                  
▀▀▀▀▀▀▀▀▀▀▀▀▀▀▀▀▀▀▀▀▀▀▀▀▀▀▀▀▀▀▀▀▀▀▀▀▀▀▀▀▀▀▀▀▀▀▀▀▀▀▀▀▀▀▀▀▀▀▀▀▀▀▀▀▀▀▀▀▀▀▀▀▀▀▀▀ │    Local name: Acme                      
  ○ bistro                  1.59.2 ▲ 1.76.1  —     ●     0    chore/up… ±5 ◇ │                                          
    bistro-theme  classic                                     2d ago         │  ╭──────────────────────────────────────╮
                                                                             │  │ acme  classic                        │
  ● taw                     1.76.1           —     —     —    main           │  │                                      │
    taw-gutenberg ↗  block                                    2d ago         │  │ path       wp-content/themes/acme    │
                                                                             │  │ taw/core   1.76.1  (latest)          │
    taw                     1.76.1           —                main           │  │ git        main  tracking origin/ma… │
    taw-theme  classic                                        2d ago         │  │ repo       github.com/Relmaur/clien… │
                                                                             │  │ version    abc1234  ·  last commit … │
                                                                             │  │ bin/taw    yes                       │
                                                                             │  ╰──────────────────────────────────────╯
                                                                             │                                          
                                                                             │  LIVE ──────────── production · companion
                                                                             │  ● https://acme.mx  checked just now     
                                                                             │    WordPress   ·  PHP   ·  taw/core 1.76…
                                                                             │    companion   ·  verified               
                                                                             │                                          
                                                                             │  FEEDBACK ──── client comments · BugSmash
                                                                             │  ● acme.mx  checked just now             
                                                                             │    3 open comments, the oldest 3 days ago
                                                                             │  ↓ more: enter                           

 enter details • e editor • t terminal • U update all with agents • : all actions • / filter • ? help • q quit