 ◆ taw-fleet v0.3.0  ·  3 sites  ·  4 TAW themes  ·  2 running  ·  1 behind on taw/core                updated just now 

    SITE · THEME                        TAW/CORE         SYNC  LIVE  FB   GIT                                           
────────────────────────────────────────────────────────────────────────────────────────────────────────────────────────
▌ ● acme-shop                           1.76.1           —     ●     3    main                                          
▌   acme   CLASSIC   acme.mx                                         3d   2d ago                                        
  ○ bistro                              1.59.2 ▲ 1.76.1  —     ●     0    chore/update-core ±5 ◇ unpushed               
    bistro-theme   CLASSIC   bistro.mx                                    2d ago                                        
  ● taw                                 1.76.1           —     —     —    main                                          
    taw-gutenberg ↗   BLOCK                                               2d ago                                        
    taw                                 1.76.1           —                main                                          
    taw-theme   CLASSIC                                                   2d ago                                        
                                                                                                                        
                                                                                                                        
                                                                                                                        
                                                                                                                        
                                                                                                                        
                                                                                                                        
                                                                                                                        
                                                                                                                        
                                                                                                                        
                                                                                                                        
                                                                                                                        
                                                                                                                        
                                                                                                                        
                                                                                                                        
                                                                                                                        
                                                                                                                        

 enter details • w work on it • e editor • g GitHub • s start/stop • u update taw/core • A update with agent …