 ◆ taw-fleet v0.3.0 · 3 sites · 4 themes · 2 running · 1 behind                    updated just now 

 Hand off to an agent  ·  Update bistro-theme (bistro)  ·  branch chore/taw-core-1.76.1             
 c copies the prompt  ·  l opens a terminal running Claude Code in the theme folder with it         
────────────────────────────────────────────────────────────────────────────────────────────────────
  Update the TAW theme `bistro-theme`                                                               
                                                                                                    
  The task                                                                                          
                                                                                                    
  Run the **update-theme** skill.                                                                   
                                                                                                    
                                                                                                    
                                                                                                    
                                                                                                    
                                                                                                    
                                                                                                    
                                                                                                    
                                                                                                    

 c copy prompt • l launch Claude • ↑/↓ scroll • esc back