 ◆ taw-fleet v0.3.0 · 3 sites · 4 themes · 2 running · 1 behind                    updated just now 

 Hand off to an agent  ·  Update bistro-theme (bistro)  ·  branch chore/taw-core-1.76.1             
 A runs Claude Code here with it  ·  c copies it  ·  l opens Claude Code in a new window            
────────────────────────────────────────────────────────────────────────────────────────────────────
  Update the TAW theme `bistro-theme`                                                               
                                                                                                    
  The task                                                                                          
                                                                                                    
  Run the **update-theme** skill.                                                                   
                                                                                                    
                                                                                                    
                                                                                                    
                                                                                                    
                                                                                                    
                                                                                                    
                                                                                                    
                                                                                                    

 A update with agent • c copy prompt • l Claude in a new window • ↑/↓ scroll • esc back