 ◆ taw-fleet v0.3.0                                                             

                                                                                
                                                                                
                                                                                
                            ⠋ Reading Local's sites…                            
                                                                                
                                                                                
                                                                                
                                                                                

 enter details • e editor • g GitHub • s start/stop • u update taw/core …