 ◆ taw-fleet v0.3.0                                                             

                                                                                
                                                                                
                                                                                
                            ⠋ Reading Local's sites…                            
                                                                                
                                                                                
                                                                                
                                                                                

 ↑/k up • ↓/j down • enter details • / filter • r refresh • ? help • q quit