 ◆ taw-fleet v0.3.0 · 3 sites · 4 themes · 2 running · 1 behind        just now 

    SITE · THEME              TAW/CORE         SYNC  GIT                        
────────────────────────────────────────────────────────────────────────────────
                                                                                
  No match for “zz”.  esc clears the filter.                                    
                                                                                
                                                                                
                                                                                
                                                                                
 / zz  ·  0 of 4  ·  esc clears
 enter details • w work on it • e editor • g GitHub • s start/stop …