 ◆ taw-fleet v0.3.0 · 3 sites · 4 themes · 2 running · 1 behind                         ⠋ scanning… 

 Sync check: acme  ✓ done in 0s                                                                     
────────────────────────────────────────────────────────────────────────────────────────────────────
  Cloning taw-theme…                                                                                
  Comparing 9 paths                                                                                 
                                                                                                    
                                                                                                    
                                                                                                    
                                                                                                    
                                                                                                    
                                                                                                    
                                                                                                    
                                                                                                    
                                                                                                    
                                                                                                    
                                                                                                    
                                                                                                    
                                                                                                    
────────────────────────────────────────────────────────────────────────────────────────────────────
 ✓ acme: 1 Tier 1 path differs                                                                      
   Tier 1: bin/                                                                                     

 ↑/↓ scroll • end follow • esc back