 ◆ taw-fleet v0.3.0 · 3 sites · 4 themes · 2 running · 1 behind        just now 

    SITE       THEME            KIND       TAW/CORE         SYNC  GIT           
────────────────────────────────────────────────────────────────────────────────
▌ ● acme-shop  acme              CLASSIC   1.76.1           —     main          
  ○ bistro     bistro-theme      CLASSIC   1.59.2 ▲ 1.76.1  —     chore/up… ±5 ◇
  ● taw        taw-gutenberg ↗   BLOCK     1.76.1           —     main          
               taw-theme         CLASSIC   1.76.1           —     main          
                                                                                
                                                                                
                                                                                
                                                                                
                                                                                
                                                                                
                                                                                
                                                                                
                                                                                
                                                                                
                                                                                
                                                                                
                                                                                
                                                                                

 enter details • w work on it • e editor • g GitHub • s start/stop …