 ◆ taw-fleet v0.3.0 · 3 sites · 4 themes · 2 running · 1 behind        just now 

    SITE · THEME            TAW/CORE         SYNC  GIT                          
────────────────────────────────────────────────────────────────────────────────
▌ ● acme-shop               1.76.1           —     main                         
    acme  classic                                  2d ago                       
▀▀▀▀▀▀▀▀▀▀▀▀▀▀▀▀▀▀▀▀▀▀▀▀▀▀▀▀▀▀▀▀▀▀▀▀▀▀▀▀▀▀▀▀▀▀▀▀▀▀▀▀▀▀▀▀▀▀▀▀▀▀▀▀▀▀▀▀▀▀▀▀▀▀▀▀▀▀▀▀
  ○ bistro                  1.59.2 ▲ 1.76.1  —     chore/update-c… ±5 ◇ unpushed
    bistro-theme  classic                          2d ago                       
                                                                                
  ● taw                     1.76.1           —     main                         
    taw-gutenberg ↗  block                         2d ago                       
                                                                                
    taw                     1.76.1           —     main                         
    taw-theme  classic                             2d ago                       
                                                                                
                                                                                
                                                                                
                                                                                
                                                                                
                                                                                
                                                                                

 enter details • e editor • t terminal • U update all • : all actions …