                                                  
                                                  
                                                  
         taw-fleet needs at least 60×10.          
         Make the window bigger.                  
                                                  
                                                  
                                                  