 ◆ taw-fleet v0.3.0  ·  3 sites  ·  4 TAW themes  ·  2 running  ·  1 behind on taw/core                                    updated just now 

    SITE · THEME              TAW/CORE         SYNC  GIT                                │  ● acme-shop  http://acme.local  running          
─────────────────────────────────────────────────────────────────────────────────────── │    ~/Local Sites/acme-shop                        
▌ ● acme-shop                 1.76.1           —     main                               │    PHP 8.2.30  ·  id a1                           
▌   acme   CLASSIC                                   2d ago                             │    Local name: Acme                               
  ○ bistro                    1.59.2 ▲ 1.76.1  —     chore/update-core ±5 ◇ unpushed    │                                                   
    bistro-theme   CLASSIC                           2d ago                             │  ╭───────────────────────────────────────────────╮
  ● taw                       1.76.1           —     main                               │  │ acme   CLASSIC                                │
    taw-gutenberg ↗   BLOCK                          2d ago                             │  │                                               │
    taw                       1.76.1           —     main                               │  │ path       wp-content/themes/acme             │
    taw-theme   CLASSIC                              2d ago                             │  │ taw/core   1.76.1  (latest)                   │
                                                                                        │  │ git        main  tracking origin/main         │
                                                                                        │  │ repo       github.com/Relmaur/client--theme   │
                                                                                        │  │ version    abc1234  ·  last commit 2 days ago │
                                                                                        │  │ bin/taw    yes                                │
                                                                                        │  ╰───────────────────────────────────────────────╯
                                                                                        │                                                   
                                                                                        │  ✓ Nothing to report.                             
                                                                                        │                                                   
                                                                                        │                                                   
                                                                                        │                                                   
                                                                                        │                                                   
                                                                                        │                                                   
                                                                                        │                                                   
                                                                                        │                                                   
                                                                                        │                                                   
                                                                                        │                                                   
                                                                                        │                                                   
                                                                                        │                                                   
                                                                                        │                                                   
                                                                                        │                                                   
                                                                                        │                                                   
                                                                                        │                                                   
                                                                                        │                                                   
                                                                                        │                                                   
                                                                                        │                                                   
                                                                                        │                                                   

 enter details • w work on it • e editor • g GitHub • s start/stop • u update taw/core • A update with agent • U update all with agents …